[   10818ms] [LOG] %c
▲

    ________   _ __ _          ____           __
   /  _/ __/  (_) /( )_____   / __/___ ______/ /_
   / // /_   / / __/// ___/  / /_/ __ `/ ___/ __/
 _/ // __/  / / /_  (__  )  / __/ /_/ (__  ) /_
/___/_/    /_/\__/ /____/  /_/  \__,_/____/\__/
    _ __ _                         _    __                    __
   (_) /( )_____   ____  ____     | |  / /__  _____________  / /
  / / __/// ___/  / __ \/ __ \    | | / / _ \/ ___/ ___/ _ \/ /
 / / /_  (__  )  / /_/ / / / /    | |/ /  __/ /  / /__/  __/ /
/_/\__/ /____/   \____/_/ /_/     |___/\___/_/   \___/\___/_/
  

Hello!

- Open Source https://vercel.com/oss
- Careers https://vercel.com/careers
- Status https://vercel-status.com

 font-family: "Geist Mono", monospace; white-space: pre; line-height: 1; @ https://vercel.com/vc-ap-vercel-marketing/_next/static/chunks/16b5q-t6q2j7r.js?dpl=dpl_8s3ugwUk3TENk1t1G5ZKvX9Qx4Vb:78
[   11736ms] [ERROR] Failed to load resource: the server responded with a status of 403 () @ https://vercel.com/api/jwt:0
[   12160ms] [WARNING] Deprecated API for given entry type. @ https://vercel.com/vc-ap-vercel-marketing/_next/static/chunks/0w8l7tib3ksee.js?dpl=dpl_8s3ugwUk3TENk1t1G5ZKvX9Qx4Vb:18
[   12766ms] [ERROR] Failed to load resource: the server responded with a status of 429 () @ https://o205439.ingest.us.sentry.io/api/4507726617772032/envelope/?sentry_key=285c77642188feae6e662bd2903e2d52&sentry_version=7&sentry_client=sentry.javascript.browser%2F7.111.0:0
[   16135ms] [WARNING] The resource https://vercel.com/vc-ap-vercel-marketing/_next/static/chunks/1e0zn8slufyji.css?dpl=dpl_8s3ugwUk3TENk1t1G5ZKvX9Qx4Vb was preloaded using link preload but not used within a few seconds from the window's load event. Please make sure it has an appropriate `as` value and it is preloaded intentionally. @ https://vercel.com/:0
[   16135ms] [WARNING] The resource https://vercel.com/vc-ap-vercel-marketing/_next/static/chunks/1uw1dgdf8jkn6.css?dpl=dpl_8s3ugwUk3TENk1t1G5ZKvX9Qx4Vb was preloaded using link preload but not used within a few seconds from the window's load event. Please make sure it has an appropriate `as` value and it is preloaded intentionally. @ https://vercel.com/:0
[   16135ms] [WARNING] The resource https://vercel.com/vc-ap-vercel-marketing/_next/static/chunks/29q68ejiu7f1m.css?dpl=dpl_8s3ugwUk3TENk1t1G5ZKvX9Qx4Vb was preloaded using link preload but not used within a few seconds from the window's load event. Please make sure it has an appropriate `as` value and it is preloaded intentionally. @ https://vercel.com/:0
[   16135ms] [WARNING] The resource https://vercel.com/vc-ap-vercel-marketing/_next/static/chunks/11ab6x8c4248z.css?dpl=dpl_8s3ugwUk3TENk1t1G5ZKvX9Qx4Vb was preloaded using link preload but not used within a few seconds from the window's load event. Please make sure it has an appropriate `as` value and it is preloaded intentionally. @ https://vercel.com/:0
[   16135ms] [WARNING] The resource https://vercel.com/vc-ap-vercel-marketing/_next/static/chunks/2u6-68bzum7ei.css?dpl=dpl_8s3ugwUk3TENk1t1G5ZKvX9Qx4Vb was preloaded using link preload but not used within a few seconds from the window's load event. Please make sure it has an appropriate `as` value and it is preloaded intentionally. @ https://vercel.com/:0
[   16135ms] [WARNING] The resource https://vercel.com/vc-ap-vercel-marketing/_next/static/chunks/2zbhuszt-5uhu.css?dpl=dpl_8s3ugwUk3TENk1t1G5ZKvX9Qx4Vb was preloaded using link preload but not used within a few seconds from the window's load event. Please make sure it has an appropriate `as` value and it is preloaded intentionally. @ https://vercel.com/:0
[   16135ms] [WARNING] The resource https://vercel.com/vc-ap-vercel-marketing/_next/static/chunks/14_ttl1fucc0h.css?dpl=dpl_8s3ugwUk3TENk1t1G5ZKvX9Qx4Vb was preloaded using link preload but not used within a few seconds from the window's load event. Please make sure it has an appropriate `as` value and it is preloaded intentionally. @ https://vercel.com/:0
[   16135ms] [WARNING] The resource https://vercel.com/vc-ap-vercel-marketing/_next/static/chunks/3g-17wzn4vvtd.css?dpl=dpl_8s3ugwUk3TENk1t1G5ZKvX9Qx4Vb was preloaded using link preload but not used within a few seconds from the window's load event. Please make sure it has an appropriate `as` value and it is preloaded intentionally. @ https://vercel.com/:0
[   16135ms] [WARNING] The resource https://vercel.com/vc-ap-vercel-marketing/_next/static/chunks/1sbk5ody6kx1m.css?dpl=dpl_8s3ugwUk3TENk1t1G5ZKvX9Qx4Vb was preloaded using link preload but not used within a few seconds from the window's load event. Please make sure it has an appropriate `as` value and it is preloaded intentionally. @ https://vercel.com/:0
[   16135ms] [WARNING] The resource https://vercel.com/vc-ap-vercel-marketing/_next/static/chunks/0g2go0qk2o1yq.css?dpl=dpl_8s3ugwUk3TENk1t1G5ZKvX9Qx4Vb was preloaded using link preload but not used within a few seconds from the window's load event. Please make sure it has an appropriate `as` value and it is preloaded intentionally. @ https://vercel.com/:0
[   16135ms] [WARNING] The resource https://vercel.com/vc-ap-vercel-marketing/_next/static/chunks/2iw83cjudjftc.css?dpl=dpl_8s3ugwUk3TENk1t1G5ZKvX9Qx4Vb was preloaded using link preload but not used within a few seconds from the window's load event. Please make sure it has an appropriate `as` value and it is preloaded intentionally. @ https://vercel.com/:0
[   16135ms] [WARNING] The resource https://vercel.com/vc-ap-vercel-marketing/_next/static/chunks/0_dbp5f6exeuk.css?dpl=dpl_8s3ugwUk3TENk1t1G5ZKvX9Qx4Vb was preloaded using link preload but not used within a few seconds from the window's load event. Please make sure it has an appropriate `as` value and it is preloaded intentionally. @ https://vercel.com/:0
[   16136ms] [WARNING] The resource https://vercel.com/vc-ap-vercel-marketing/_next/static/media/9d9927955a95a20d-s.p.0i8f_s95odn18.woff2?dpl=dpl_8s3ugwUk3TENk1t1G5ZKvX9Qx4Vb was preloaded using link preload but not used within a few seconds from the window's load event. Please make sure it has an appropriate `as` value and it is preloaded intentionally. @ https://vercel.com/:0
[   16136ms] [WARNING] The resource https://vercel.com/vc-ap-vercel-marketing/_next/static/chunks/1cp25b5xba1g-.css?dpl=dpl_8s3ugwUk3TENk1t1G5ZKvX9Qx4Vb was preloaded using link preload but not used within a few seconds from the window's load event. Please make sure it has an appropriate `as` value and it is preloaded intentionally. @ https://vercel.com/:0
[   16136ms] [WARNING] The resource https://vercel.com/vc-ap-vercel-marketing/_next/static/chunks/1iffj_jq58xwg.css?dpl=dpl_8s3ugwUk3TENk1t1G5ZKvX9Qx4Vb was preloaded using link preload but not used within a few seconds from the window's load event. Please make sure it has an appropriate `as` value and it is preloaded intentionally. @ https://vercel.com/:0
[   16136ms] [WARNING] The resource https://vercel.com/vc-ap-vercel-marketing/_next/static/chunks/225n-cdoe1w6s.css?dpl=dpl_8s3ugwUk3TENk1t1G5ZKvX9Qx4Vb was preloaded using link preload but not used within a few seconds from the window's load event. Please make sure it has an appropriate `as` value and it is preloaded intentionally. @ https://vercel.com/:0
[   16136ms] [WARNING] The resource https://vercel.com/vc-ap-vercel-marketing/_next/static/chunks/008l8j6drf_vx.css?dpl=dpl_8s3ugwUk3TENk1t1G5ZKvX9Qx4Vb was preloaded using link preload but not used within a few seconds from the window's load event. Please make sure it has an appropriate `as` value and it is preloaded intentionally. @ https://vercel.com/:0
[   16136ms] [WARNING] The resource https://vercel.com/vc-ap-vercel-marketing/_next/static/chunks/1v3_-me-k_cg9.css?dpl=dpl_8s3ugwUk3TENk1t1G5ZKvX9Qx4Vb was preloaded using link preload but not used within a few seconds from the window's load event. Please make sure it has an appropriate `as` value and it is preloaded intentionally. @ https://vercel.com/:0
[   16136ms] [WARNING] The resource https://vercel.com/vc-ap-vercel-marketing/_next/static/chunks/3wnucrlub8ead.css?dpl=dpl_8s3ugwUk3TENk1t1G5ZKvX9Qx4Vb was preloaded using link preload but not used within a few seconds from the window's load event. Please make sure it has an appropriate `as` value and it is preloaded intentionally. @ https://vercel.com/:0
[   25279ms] [WARNING] The resource https://vercel.com/vc-ap-vercel-marketing/_next/static/chunks/1e0zn8slufyji.css?dpl=dpl_8s3ugwUk3TENk1t1G5ZKvX9Qx4Vb was preloaded using link preload but not used within a few seconds from the window's load event. Please make sure it has an appropriate `as` value and it is preloaded intentionally. @ https://vercel.com/:0
[   25279ms] [WARNING] The resource https://vercel.com/vc-ap-vercel-marketing/_next/static/chunks/1uw1dgdf8jkn6.css?dpl=dpl_8s3ugwUk3TENk1t1G5ZKvX9Qx4Vb was preloaded using link preload but not used within a few seconds from the window's load event. Please make sure it has an appropriate `as` value and it is preloaded intentionally. @ https://vercel.com/:0
[   25279ms] [WARNING] The resource https://vercel.com/vc-ap-vercel-marketing/_next/static/chunks/29q68ejiu7f1m.css?dpl=dpl_8s3ugwUk3TENk1t1G5ZKvX9Qx4Vb was preloaded using link preload but not used within a few seconds from the window's load event. Please make sure it has an appropriate `as` value and it is preloaded intentionally. @ https://vercel.com/:0
[   25279ms] [WARNING] The resource https://vercel.com/vc-ap-vercel-marketing/_next/static/chunks/11ab6x8c4248z.css?dpl=dpl_8s3ugwUk3TENk1t1G5ZKvX9Qx4Vb was preloaded using link preload but not used within a few seconds from the window's load event. Please make sure it has an appropriate `as` value and it is preloaded intentionally. @ https://vercel.com/:0
[   25279ms] [WARNING] The resource https://vercel.com/vc-ap-vercel-marketing/_next/static/chunks/2u6-68bzum7ei.css?dpl=dpl_8s3ugwUk3TENk1t1G5ZKvX9Qx4Vb was preloaded using link preload but not used within a few seconds from the window's load event. Please make sure it has an appropriate `as` value and it is preloaded intentionally. @ https://vercel.com/:0
[   25279ms] [WARNING] The resource https://vercel.com/vc-ap-vercel-marketing/_next/static/chunks/2zbhuszt-5uhu.css?dpl=dpl_8s3ugwUk3TENk1t1G5ZKvX9Qx4Vb was preloaded using link preload but not used within a few seconds from the window's load event. Please make sure it has an appropriate `as` value and it is preloaded intentionally. @ https://vercel.com/:0
[   25279ms] [WARNING] The resource https://vercel.com/vc-ap-vercel-marketing/_next/static/chunks/14_ttl1fucc0h.css?dpl=dpl_8s3ugwUk3TENk1t1G5ZKvX9Qx4Vb was preloaded using link preload but not used within a few seconds from the window's load event. Please make sure it has an appropriate `as` value and it is preloaded intentionally. @ https://vercel.com/:0
[   25279ms] [WARNING] The resource https://vercel.com/vc-ap-vercel-marketing/_next/static/chunks/3g-17wzn4vvtd.css?dpl=dpl_8s3ugwUk3TENk1t1G5ZKvX9Qx4Vb was preloaded using link preload but not used within a few seconds from the window's load event. Please make sure it has an appropriate `as` value and it is preloaded intentionally. @ https://vercel.com/:0
[   25279ms] [WARNING] The resource https://vercel.com/vc-ap-vercel-marketing/_next/static/chunks/1sbk5ody6kx1m.css?dpl=dpl_8s3ugwUk3TENk1t1G5ZKvX9Qx4Vb was preloaded using link preload but not used within a few seconds from the window's load event. Please make sure it has an appropriate `as` value and it is preloaded intentionally. @ https://vercel.com/:0
[   25279ms] [WARNING] The resource https://vercel.com/vc-ap-vercel-marketing/_next/static/chunks/0g2go0qk2o1yq.css?dpl=dpl_8s3ugwUk3TENk1t1G5ZKvX9Qx4Vb was preloaded using link preload but not used within a few seconds from the window's load event. Please make sure it has an appropriate `as` value and it is preloaded intentionally. @ https://vercel.com/:0
[   25279ms] [WARNING] The resource https://vercel.com/vc-ap-vercel-marketing/_next/static/chunks/2iw83cjudjftc.css?dpl=dpl_8s3ugwUk3TENk1t1G5ZKvX9Qx4Vb was preloaded using link preload but not used within a few seconds from the window's load event. Please make sure it has an appropriate `as` value and it is preloaded intentionally. @ https://vercel.com/:0
[   25279ms] [WARNING] The resource https://vercel.com/vc-ap-vercel-marketing/_next/static/chunks/0_dbp5f6exeuk.css?dpl=dpl_8s3ugwUk3TENk1t1G5ZKvX9Qx4Vb was preloaded using link preload but not used within a few seconds from the window's load event. Please make sure it has an appropriate `as` value and it is preloaded intentionally. @ https://vercel.com/:0
[   25279ms] [WARNING] The resource https://vercel.com/vc-ap-vercel-marketing/_next/static/media/9d9927955a95a20d-s.p.0i8f_s95odn18.woff2?dpl=dpl_8s3ugwUk3TENk1t1G5ZKvX9Qx4Vb was preloaded using link preload but not used within a few seconds from the window's load event. Please make sure it has an appropriate `as` value and it is preloaded intentionally. @ https://vercel.com/:0
[   25279ms] [WARNING] The resource https://vercel.com/vc-ap-vercel-marketing/_next/static/chunks/1cp25b5xba1g-.css?dpl=dpl_8s3ugwUk3TENk1t1G5ZKvX9Qx4Vb was preloaded using link preload but not used within a few seconds from the window's load event. Please make sure it has an appropriate `as` value and it is preloaded intentionally. @ https://vercel.com/:0
[   25279ms] [WARNING] The resource https://vercel.com/vc-ap-vercel-marketing/_next/static/chunks/1iffj_jq58xwg.css?dpl=dpl_8s3ugwUk3TENk1t1G5ZKvX9Qx4Vb was preloaded using link preload but not used within a few seconds from the window's load event. Please make sure it has an appropriate `as` value and it is preloaded intentionally. @ https://vercel.com/:0
[   25280ms] [WARNING] The resource https://vercel.com/vc-ap-vercel-marketing/_next/static/chunks/225n-cdoe1w6s.css?dpl=dpl_8s3ugwUk3TENk1t1G5ZKvX9Qx4Vb was preloaded using link preload but not used within a few seconds from the window's load event. Please make sure it has an appropriate `as` value and it is preloaded intentionally. @ https://vercel.com/:0
[   25280ms] [WARNING] The resource https://vercel.com/vc-ap-vercel-marketing/_next/static/chunks/008l8j6drf_vx.css?dpl=dpl_8s3ugwUk3TENk1t1G5ZKvX9Qx4Vb was preloaded using link preload but not used within a few seconds from the window's load event. Please make sure it has an appropriate `as` value and it is preloaded intentionally. @ https://vercel.com/:0
[   25280ms] [WARNING] The resource https://vercel.com/vc-ap-vercel-marketing/_next/static/chunks/1v3_-me-k_cg9.css?dpl=dpl_8s3ugwUk3TENk1t1G5ZKvX9Qx4Vb was preloaded using link preload but not used within a few seconds from the window's load event. Please make sure it has an appropriate `as` value and it is preloaded intentionally. @ https://vercel.com/:0
[   25280ms] [WARNING] The resource https://vercel.com/vc-ap-vercel-marketing/_next/static/chunks/3wnucrlub8ead.css?dpl=dpl_8s3ugwUk3TENk1t1G5ZKvX9Qx4Vb was preloaded using link preload but not used within a few seconds from the window's load event. Please make sure it has an appropriate `as` value and it is preloaded intentionally. @ https://vercel.com/:0
[   30316ms] [WARNING] The resource https://vercel.com/vc-ap-vercel-marketing/_next/static/chunks/1e0zn8slufyji.css?dpl=dpl_8s3ugwUk3TENk1t1G5ZKvX9Qx4Vb was preloaded using link preload but not used within a few seconds from the window's load event. Please make sure it has an appropriate `as` value and it is preloaded intentionally. @ https://vercel.com/:0
[   30316ms] [WARNING] The resource https://vercel.com/vc-ap-vercel-marketing/_next/static/chunks/1uw1dgdf8jkn6.css?dpl=dpl_8s3ugwUk3TENk1t1G5ZKvX9Qx4Vb was preloaded using link preload but not used within a few seconds from the window's load event. Please make sure it has an appropriate `as` value and it is preloaded intentionally. @ https://vercel.com/:0
[   30316ms] [WARNING] The resource https://vercel.com/vc-ap-vercel-marketing/_next/static/chunks/29q68ejiu7f1m.css?dpl=dpl_8s3ugwUk3TENk1t1G5ZKvX9Qx4Vb was preloaded using link preload but not used within a few seconds from the window's load event. Please make sure it has an appropriate `as` value and it is preloaded intentionally. @ https://vercel.com/:0
[   30316ms] [WARNING] The resource https://vercel.com/vc-ap-vercel-marketing/_next/static/chunks/11ab6x8c4248z.css?dpl=dpl_8s3ugwUk3TENk1t1G5ZKvX9Qx4Vb was preloaded using link preload but not used within a few seconds from the window's load event. Please make sure it has an appropriate `as` value and it is preloaded intentionally. @ https://vercel.com/:0
[   30316ms] [WARNING] The resource https://vercel.com/vc-ap-vercel-marketing/_next/static/chunks/2u6-68bzum7ei.css?dpl=dpl_8s3ugwUk3TENk1t1G5ZKvX9Qx4Vb was preloaded using link preload but not used within a few seconds from the window's load event. Please make sure it has an appropriate `as` value and it is preloaded intentionally. @ https://vercel.com/:0
[   30316ms] [WARNING] The resource https://vercel.com/vc-ap-vercel-marketing/_next/static/chunks/2zbhuszt-5uhu.css?dpl=dpl_8s3ugwUk3TENk1t1G5ZKvX9Qx4Vb was preloaded using link preload but not used within a few seconds from the window's load event. Please make sure it has an appropriate `as` value and it is preloaded intentionally. @ https://vercel.com/:0
[   30316ms] [WARNING] The resource https://vercel.com/vc-ap-vercel-marketing/_next/static/chunks/14_ttl1fucc0h.css?dpl=dpl_8s3ugwUk3TENk1t1G5ZKvX9Qx4Vb was preloaded using link preload but not used within a few seconds from the window's load event. Please make sure it has an appropriate `as` value and it is preloaded intentionally. @ https://vercel.com/:0
[   30316ms] [WARNING] The resource https://vercel.com/vc-ap-vercel-marketing/_next/static/chunks/3g-17wzn4vvtd.css?dpl=dpl_8s3ugwUk3TENk1t1G5ZKvX9Qx4Vb was preloaded using link preload but not used within a few seconds from the window's load event. Please make sure it has an appropriate `as` value and it is preloaded intentionally. @ https://vercel.com/:0
[   30316ms] [WARNING] The resource https://vercel.com/vc-ap-vercel-marketing/_next/static/chunks/1sbk5ody6kx1m.css?dpl=dpl_8s3ugwUk3TENk1t1G5ZKvX9Qx4Vb was preloaded using link preload but not used within a few seconds from the window's load event. Please make sure it has an appropriate `as` value and it is preloaded intentionally. @ https://vercel.com/:0
[   30316ms] [WARNING] The resource https://vercel.com/vc-ap-vercel-marketing/_next/static/chunks/0g2go0qk2o1yq.css?dpl=dpl_8s3ugwUk3TENk1t1G5ZKvX9Qx4Vb was preloaded using link preload but not used within a few seconds from the window's load event. Please make sure it has an appropriate `as` value and it is preloaded intentionally. @ https://vercel.com/:0
[   30316ms] [WARNING] The resource https://vercel.com/vc-ap-vercel-marketing/_next/static/chunks/2iw83cjudjftc.css?dpl=dpl_8s3ugwUk3TENk1t1G5ZKvX9Qx4Vb was preloaded using link preload but not used within a few seconds from the window's load event. Please make sure it has an appropriate `as` value and it is preloaded intentionally. @ https://vercel.com/:0
[   30316ms] [WARNING] The resource https://vercel.com/vc-ap-vercel-marketing/_next/static/chunks/0_dbp5f6exeuk.css?dpl=dpl_8s3ugwUk3TENk1t1G5ZKvX9Qx4Vb was preloaded using link preload but not used within a few seconds from the window's load event. Please make sure it has an appropriate `as` value and it is preloaded intentionally. @ https://vercel.com/:0
[   30316ms] [WARNING] The resource https://vercel.com/vc-ap-vercel-marketing/_next/static/media/9d9927955a95a20d-s.p.0i8f_s95odn18.woff2?dpl=dpl_8s3ugwUk3TENk1t1G5ZKvX9Qx4Vb was preloaded using link preload but not used within a few seconds from the window's load event. Please make sure it has an appropriate `as` value and it is preloaded intentionally. @ https://vercel.com/:0
[   30316ms] [WARNING] The resource https://vercel.com/vc-ap-vercel-marketing/_next/static/chunks/1cp25b5xba1g-.css?dpl=dpl_8s3ugwUk3TENk1t1G5ZKvX9Qx4Vb was preloaded using link preload but not used within a few seconds from the window's load event. Please make sure it has an appropriate `as` value and it is preloaded intentionally. @ https://vercel.com/:0
[   30316ms] [WARNING] The resource https://vercel.com/vc-ap-vercel-marketing/_next/static/chunks/1iffj_jq58xwg.css?dpl=dpl_8s3ugwUk3TENk1t1G5ZKvX9Qx4Vb was preloaded using link preload but not used within a few seconds from the window's load event. Please make sure it has an appropriate `as` value and it is preloaded intentionally. @ https://vercel.com/:0
[   30316ms] [WARNING] The resource https://vercel.com/vc-ap-vercel-marketing/_next/static/chunks/225n-cdoe1w6s.css?dpl=dpl_8s3ugwUk3TENk1t1G5ZKvX9Qx4Vb was preloaded using link preload but not used within a few seconds from the window's load event. Please make sure it has an appropriate `as` value and it is preloaded intentionally. @ https://vercel.com/:0
[   30316ms] [WARNING] The resource https://vercel.com/vc-ap-vercel-marketing/_next/static/chunks/008l8j6drf_vx.css?dpl=dpl_8s3ugwUk3TENk1t1G5ZKvX9Qx4Vb was preloaded using link preload but not used within a few seconds from the window's load event. Please make sure it has an appropriate `as` value and it is preloaded intentionally. @ https://vercel.com/:0
[   30316ms] [WARNING] The resource https://vercel.com/vc-ap-vercel-marketing/_next/static/chunks/1v3_-me-k_cg9.css?dpl=dpl_8s3ugwUk3TENk1t1G5ZKvX9Qx4Vb was preloaded using link preload but not used within a few seconds from the window's load event. Please make sure it has an appropriate `as` value and it is preloaded intentionally. @ https://vercel.com/:0
[   30316ms] [WARNING] The resource https://vercel.com/vc-ap-vercel-marketing/_next/static/chunks/3wnucrlub8ead.css?dpl=dpl_8s3ugwUk3TENk1t1G5ZKvX9Qx4Vb was preloaded using link preload but not used within a few seconds from the window's load event. Please make sure it has an appropriate `as` value and it is preloaded intentionally. @ https://vercel.com/:0
[   39151ms] [LOG] %c
▲

__  __                                     _            __
\ \/ /___  __  __   _________ _____       (_)_  _______/ /_
 \  / __ \/ / / /  / ___/ __ `/ __ \     / / / / / ___/ __/
 / / /_/ / /_/ /  / /__/ /_/ / / / /    / / /_/ (__  ) /_
/_/\____/\__,_/   \___/\__,_/_/ /_/  __/ /\__,_/____/\__/
         __    _          __  __    /___/
   _____/ /_  (_)___     / /_/ /_  (_)___  ____ ______
  / ___/ __ \/ / __ \   / __/ __ \/ / __ \/ __ `/ ___/
 (__  ) / / / / /_/ /  / /_/ / / / / / / / /_/ (__  )
/____/_/ /_/_/ .___/   \__/_/ /_/_/_/ /_/\__, /____/
            /_/                         /____/
  

Hello!

- Open Source https://vercel.com/oss
- Careers https://vercel.com/careers
- Status https://vercel-status.com

 font-family: "Geist Mono", monospace; white-space: pre; line-height: 1; @ https://vercel.com/_next/static/chunks/1l29vw7u8_irq.js?dpl=dpl_6CP6mKJwFkVXbVwvE1GweUGv8PjP:78
[   39850ms] [WARNING] [GSI_LOGGER]: Your client application uses one of the Google One Tap prompt UI status methods that may stop functioning when FedCM becomes mandatory. Refer to the migration guide to update your code accordingly and opt-in to FedCM to test your changes. Learn more: https://developers.google.com/identity/gsi/web/guides/fedcm-migration?s=dc#display_moment and https://developers.google.com/identity/gsi/web/guides/fedcm-migration?s=dc#skipped_moment @ https://accounts.google.com/gsi/client:84
[   39889ms] [ERROR] Not signed in with the identity provider. @ https://vercel.com/login:0
[   39979ms] [ERROR] Failed to load resource: the server responded with a status of 403 () @ https://vercel.com/api/jwt:0
[   40273ms] [WARNING] Deprecated API for given entry type. @ https://vercel.com/_next/static/chunks/24660xudx800e.js?dpl=dpl_6CP6mKJwFkVXbVwvE1GweUGv8PjP:18
[   40934ms] [ERROR] [GSI_LOGGER]: FedCM get() rejects with AbortError: signal is aborted without reason @ https://vercel.com/_next/static/chunks/13iyvky5g7_4m.js?dpl=dpl_6CP6mKJwFkVXbVwvE1GweUGv8PjP:1
[   41118ms] [ERROR] Failed to load resource: the server responded with a status of 429 () @ https://o205439.ingest.sentry.io/api/1323670/envelope/?sentry_key=d00780d432ac4ccf882f60dd02062e14&sentry_version=7&sentry_client=sentry.javascript.browser%2F7.111.0:0
